I'm sorry, but errors were detected in your script. Please correct the
errors listed below, and try again.


File "game/script.rpy", line 18: is not terminated with a newline. (Check strings and parenthesis.)
    define f = Character("Narrator", color = "#ffffff"  

Ren'Py Version: Ren'Py 8.3.2.24090902
Sun Dec  1 00:11:45 2024
